// Jest Snapshot v1, https://goo.gl/fbAQLP

exports[`Coach renders correctly 1`] = `
<div
  className="coach"
>
  <div
    className="coach-name"
  >
    Bob Test
  </div>
  <div
    className="coach-time-slots"
  >
    <div
      className="coach-time-slot"
      onClick={[Function]}
      onKeyDown={[Function]}
      role="button"
      tabIndex="0"
    >
      12:00AM
    </div>
    <div
      className="coach-time-slot"
      onClick={[Function]}
      onKeyDown={[Function]}
      role="button"
      tabIndex="0"
    >
      12:30AM
    </div>
    <div
      className="coach-time-slot"
      onClick={[Function]}
      onKeyDown={[Function]}
      role="button"
      tabIndex="0"
    >
      01:00AM
    </div>
    <div
      className="coach-time-slot"
      onClick={[Function]}
      onKeyDown={[Function]}
      role="button"
      tabIndex="0"
    >
      01:30AM
    </div>
    <div
      className="coach-time-slot"
      onClick={[Function]}
      onKeyDown={[Function]}
      role="button"
      tabIndex="0"
    >
      02:00AM
    </div>
    <div
      className="coach-time-slot"
      onClick={[Function]}
      onKeyDown={[Function]}
      role="button"
      tabIndex="0"
    >
      02:30AM
    </div>
    <div
      className="coach-time-slot"
      onClick={[Function]}
      onKeyDown={[Function]}
      role="button"
      tabIndex="0"
    >
      03:00AM
    </div>
    <div
      className="coach-time-slot"
      onClick={[Function]}
      onKeyDown={[Function]}
      role="button"
      tabIndex="0"
    >
      03:30AM
    </div>
    <div
      className="coach-time-slot"
      onClick={[Function]}
      onKeyDown={[Function]}
      role="button"
      tabIndex="0"
    >
      04:00AM
    </div>
    <div
      className="coach-time-slot"
      onClick={[Function]}
      onKeyDown={[Function]}
      role="button"
      tabIndex="0"
    >
      04:30AM
    </div>
    <div
      className="coach-time-slot"
      onClick={[Function]}
      onKeyDown={[Function]}
      role="button"
      tabIndex="0"
    >
      05:00AM
    </div>
    <div
      className="coach-time-slot"
      onClick={[Function]}
      onKeyDown={[Function]}
      role="button"
      tabIndex="0"
    >
      05:30AM
    </div>
    <div
      className="coach-time-slot"
      onClick={[Function]}
      onKeyDown={[Function]}
      role="button"
      tabIndex="0"
    >
      06:00AM
    </div>
    <div
      className="coach-time-slot"
      onClick={[Function]}
      onKeyDown={[Function]}
      role="button"
      tabIndex="0"
    >
      06:30AM
    </div>
    <div
      className="coach-time-slot"
      onClick={[Function]}
      onKeyDown={[Function]}
      role="button"
      tabIndex="0"
    >
      07:00AM
    </div>
    <div
      className="coach-time-slot"
      onClick={[Function]}
      onKeyDown={[Function]}
      role="button"
      tabIndex="0"
    >
      07:30AM
    </div>
    <div
      className="coach-time-slot"
      onClick={[Function]}
      onKeyDown={[Function]}
      role="button"
      tabIndex="0"
    >
      08:00AM
    </div>
    <div
      className="coach-time-slot"
      onClick={[Function]}
      onKeyDown={[Function]}
      role="button"
      tabIndex="0"
    >
      08:30AM
    </div>
    <div
      className="coach-time-slot"
      onClick={[Function]}
      onKeyDown={[Function]}
      role="button"
      tabIndex="0"
    >
      09:00AM
    </div>
    <div
      className="coach-time-slot"
      onClick={[Function]}
      onKeyDown={[Function]}
      role="button"
      tabIndex="0"
    >
      09:30AM
    </div>
    <div
      className="coach-time-slot"
      onClick={[Function]}
      onKeyDown={[Function]}
      role="button"
      tabIndex="0"
    >
      10:00AM
    </div>
    <div
      className="coach-time-slot"
      onClick={[Function]}
      onKeyDown={[Function]}
      role="button"
      tabIndex="0"
    >
      10:30AM
    </div>
    <div
      className="coach-time-slot"
      onClick={[Function]}
      onKeyDown={[Function]}
      role="button"
      tabIndex="0"
    >
      11:00AM
    </div>
    <div
      className="coach-time-slot"
      onClick={[Function]}
      onKeyDown={[Function]}
      role="button"
      tabIndex="0"
    >
      11:30AM
    </div>
    <div
      className="coach-time-slot"
      onClick={[Function]}
      onKeyDown={[Function]}
      role="button"
      tabIndex="0"
    >
      12:00PM
    </div>
    <div
      className="coach-time-slot"
      onClick={[Function]}
      onKeyDown={[Function]}
      role="button"
      tabIndex="0"
    >
      12:30PM
    </div>
    <div
      className="coach-time-slot"
      onClick={[Function]}
      onKeyDown={[Function]}
      role="button"
      tabIndex="0"
    >
      01:00PM
    </div>
    <div
      className="coach-time-slot"
      onClick={[Function]}
      onKeyDown={[Function]}
      role="button"
      tabIndex="0"
    >
      01:30PM
    </div>
    <div
      className="coach-time-slot"
      onClick={[Function]}
      onKeyDown={[Function]}
      role="button"
      tabIndex="0"
    >
      02:00PM
    </div>
    <div
      className="coach-time-slot"
      onClick={[Function]}
      onKeyDown={[Function]}
      role="button"
      tabIndex="0"
    >
      02:30PM
    </div>
    <div
      className="coach-time-slot"
      onClick={[Function]}
      onKeyDown={[Function]}
      role="button"
      tabIndex="0"
    >
      03:00PM
    </div>
    <div
      className="coach-time-slot"
      onClick={[Function]}
      onKeyDown={[Function]}
      role="button"
      tabIndex="0"
    >
      03:30PM
    </div>
    <div
      className="coach-time-slot"
      onClick={[Function]}
      onKeyDown={[Function]}
      role="button"
      tabIndex="0"
    >
      04:00PM
    </div>
    <div
      className="coach-time-slot"
      onClick={[Function]}
      onKeyDown={[Function]}
      role="button"
      tabIndex="0"
    >
      04:30PM
    </div>
    <div
      className="coach-time-slot"
      onClick={[Function]}
      onKeyDown={[Function]}
      role="button"
      tabIndex="0"
    >
      05:00PM
    </div>
    <div
      className="coach-time-slot"
      onClick={[Function]}
      onKeyDown={[Function]}
      role="button"
      tabIndex="0"
    >
      05:30PM
    </div>
    <div
      className="coach-time-slot"
      onClick={[Function]}
      onKeyDown={[Function]}
      role="button"
      tabIndex="0"
    >
      06:00PM
    </div>
    <div
      className="coach-time-slot"
      onClick={[Function]}
      onKeyDown={[Function]}
      role="button"
      tabIndex="0"
    >
      06:30PM
    </div>
    <div
      className="coach-time-slot"
      onClick={[Function]}
      onKeyDown={[Function]}
      role="button"
      tabIndex="0"
    >
      07:00PM
    </div>
    <div
      className="coach-time-slot"
      onClick={[Function]}
      onKeyDown={[Function]}
      role="button"
      tabIndex="0"
    >
      07:30PM
    </div>
    <div
      className="coach-time-slot"
      onClick={[Function]}
      onKeyDown={[Function]}
      role="button"
      tabIndex="0"
    >
      08:00PM
    </div>
    <div
      className="coach-time-slot"
      onClick={[Function]}
      onKeyDown={[Function]}
      role="button"
      tabIndex="0"
    >
      08:30PM
    </div>
    <div
      className="coach-time-slot"
      onClick={[Function]}
      onKeyDown={[Function]}
      role="button"
      tabIndex="0"
    >
      09:00PM
    </div>
    <div
      className="coach-time-slot"
      onClick={[Function]}
      onKeyDown={[Function]}
      role="button"
      tabIndex="0"
    >
      09:30PM
    </div>
    <div
      className="coach-time-slot"
      onClick={[Function]}
      onKeyDown={[Function]}
      role="button"
      tabIndex="0"
    >
      10:00PM
    </div>
    <div
      className="coach-time-slot"
      onClick={[Function]}
      onKeyDown={[Function]}
      role="button"
      tabIndex="0"
    >
      10:30PM
    </div>
    <div
      className="coach-time-slot"
      onClick={[Function]}
      onKeyDown={[Function]}
      role="button"
      tabIndex="0"
    >
      11:00PM
    </div>
    <div
      className="coach-time-slot"
      onClick={[Function]}
      onKeyDown={[Function]}
      role="button"
      tabIndex="0"
    >
      11:30PM
    </div>
  </div>
</div>
`;
