// Jest Snapshot v1, https://goo.gl/fbAQLP

exports[`Schedule renders correctly 1`] = `
<div
  className="page"
>
  <h1>
    Schedule
  </h1>
  <section
    className="schedule"
  >
    <div
      className="coach"
    >
      <h2>
        Bert Nelson
      </h2>
      <div
        className="appointments"
      >
        <div>
          2019-12-11 17:00:00Z
           - 
          2019-12-11 17:30:00Z
        </div>
      </div>
    </div>
    <div
      className="coach"
    >
      <h2>
        Bobby Booshay
      </h2>
      <div
        className="appointments"
      >
        <div>
          2019-12-11 17:00:00Z
           - 
          2019-12-11 17:30:00Z
        </div>
        <div>
          2019-12-11 18:30:00Z
           - 
          2019-12-11 19:00:00Z
        </div>
      </div>
    </div>
  </section>
</div>
`;
